1.000000e-07
2.500000e-08
3.666856e-01
1.250000e-01
