0.2000000000
3.5600000000
24.8888125300
1.2580000000
0.3698745000
1.2500000000
10.0000000000
