0.200000
3.560000
24.888813
1.258000
0.369874
1.250000
10.000000
